// Jest Snapshot v1, https://goo.gl/fbAQLP

exports[`components LabeledBox is built correctly 1`] = `
"<styled.div className=\\"my-class\\" innerRef={[undefined]}>
  <styled.div>
    My label
  </styled.div>
  <styled.div maxHeight={[undefined]} padding={[undefined]}>
    <div>
      child1
    </div>
    <div>
      child2
    </div>
  </styled.div>
</styled.div>"
`;
